Product: וינסטון קומפקט ברי
